#-----------------------------------------------------------
# Vivado v2018.3 (64-bit)
# SW Build 2405991 on Thu Dec  6 23:38:27 MST 2018
# IP Build 2404404 on Fri Dec  7 01:43:56 MST 2018
# Start of session at: Thu Apr  9 12:18:00 2020
# Process ID: 1960
# Current directory: D:/Lab_of_ZCYL/Lab2_Handouts_0406_2/Lab_BusControl_A
# Command line: vivado.exe -gui_launcher_event rodinguilauncherevent18248 D:\Lab_of_ZCYL\Lab2_Handouts_0406_2\Lab_BusControl_A\Lab_BusControl_A.xpr
# Log file: D:/Lab_of_ZCYL/Lab2_Handouts_0406_2/Lab_BusControl_A/vivado.log
# Journal file: D:/Lab_of_ZCYL/Lab2_Handouts_0406_2/Lab_BusControl_A\vivado.jou
#-----------------------------------------------------------
start_gui
open_project D:/Lab_of_ZCYL/Lab2_Handouts_0406_2/Lab_BusControl_A/Lab_BusControl_A.xpr
update_compile_order -fileset sources_1
launch_simulation
launch_simulation
launch_simulation
launch_simulation
launch_simulation
source topsim_link.tcl
run 10 us
relaunch_sim
run 10 us
run all
run 10 us
relaunch_sim
relaunch_sim
relaunch_sim
run 10 us
run 10 us
close_sim
set_property SOURCE_SET sources_1 [get_filesets sim_1]
close [ open D:/Lab_of_ZCYL/Lab2_Handouts_0406_2/Lab_BusControl_A/Lab_BusControl_A.srcs/sim_1/new/testbench_sim.v w ]
add_files -fileset sim_1 D:/Lab_of_ZCYL/Lab2_Handouts_0406_2/Lab_BusControl_A/Lab_BusControl_A.srcs/sim_1/new/testbench_sim.v
update_compile_order -fileset sim_1
# Disabling source management mode.  This is to allow the top design properties to be set without GUI intervention.
set_property source_mgmt_mode None [current_project]
set_property top testbench_sim [get_filesets sim_1]
set_property top_lib xil_defaultlib [get_filesets sim_1]
# Re-enabling previously disabled source management mode.
set_property source_mgmt_mode All [current_project]
update_compile_order -fileset sim_1
launch_simulation
source testbench_sim.tcl
relaunch_sim
relaunch_sim
relaunch_sim
relaunch_sim
update_compile_order -fileset sources_1
update_compile_order -fileset sources_1
relaunch_sim
relaunch_sim
relaunch_sim
relaunch_sim
relaunch_sim
relaunch_sim
relaunch_sim
relaunch_sim
relaunch_sim
relaunch_sim
relaunch_sim
relaunch_sim
relaunch_sim
relaunch_sim
relaunch_sim
relaunch_sim
relaunch_sim
relaunch_sim
relaunch_sim
relaunch_sim
relaunch_sim
relaunch_sim
relaunch_sim
relaunch_sim
relaunch_sim
# Disabling source management mode.  This is to allow the top design properties to be set without GUI intervention.
set_property source_mgmt_mode None [current_project]
set_property top topsim_link [get_filesets sim_1]
set_property top_lib xil_defaultlib [get_filesets sim_1]
# Re-enabling previously disabled source management mode.
set_property source_mgmt_mode All [current_project]
update_compile_order -fileset sim_1
launch_simulation
source topsim_link.tcl
run 10 us
run 10 us
run 10 us
restart
run 10 us
run 10 us
current_sim simulation_2
relaunch_sim
# Disabling source management mode.  This is to allow the top design properties to be set without GUI intervention.
set_property source_mgmt_mode None [current_project]
set_property top testbench_sim [get_filesets sim_1]
set_property top_lib xil_defaultlib [get_filesets sim_1]
# Re-enabling previously disabled source management mode.
set_property source_mgmt_mode All [current_project]
update_compile_order -fileset sim_1
relaunch_sim
relaunch_sim
relaunch_sim
relaunch_sim
relaunch_sim
relaunch_sim
relaunch_sim
relaunch_sim
relaunch_sim
relaunch_sim
relaunch_sim
relaunch_sim
relaunch_sim
relaunch_sim
relaunch_sim
relaunch_sim
relaunch_sim
relaunch_sim
relaunch_sim
relaunch_sim
relaunch_sim
relaunch_sim
relaunch_sim
relaunch_sim
relaunch_sim
relaunch_sim
relaunch_sim
relaunch_sim
relaunch_sim
relaunch_sim
relaunch_sim
relaunch_sim
relaunch_sim
relaunch_sim
relaunch_sim
relaunch_sim
relaunch_sim
current_sim simulation_3
close_sim
close_sim
